Esta es la primera parte del mensaje para el Finalizador. Debe a